// Jest Snapshot v1, https://goo.gl/fbAQLP

exports[`Pruebas en el counter app Mostrar componente por defecto 1`] = `
<Fragment>
  <h1>
    Counter App
  </h1>
  <p>
    123
  </p>
  <button
    onClick={[Function]}
  >
    -1
  </button>
  <button
    onClick={[Function]}
  >
    Reset
  </button>
  <button
    onClick={[Function]}
  >
    +1
  </button>
</Fragment>
`;
